Prefix           Verb    URI Pattern                   Controller#Action
root             GET     /                             home#index
users            GET     /users                        users#index
user             GET     /users/:id                    users#show
posts            GET     /posts                        posts#index
                 POST    /posts                        posts#create
new_post         GET     /posts/new                    posts#new
edit_post        GET     /posts/:id/edit               posts#edit
post             GET     /posts/:id                    posts#show
                 PATCH   /posts/:id                    posts#update
                 PUT     /posts/:id                    posts#update
                 DELETE  /posts/:id                    posts#destroy
post_comments    POST    /posts/:post_id/comments      comments#create
post_comment     DELETE  /posts/:post_id/comments/:id  comments#destroy
admin_dashboard  GET     /admin/dashboards/:id         admin/dashboards#show
show             GET     /pages/:slug                  pages#show
create           POST    /login                        sessions#create
destroy          DELETE  /logout                       sessions#destroy
